2026-03-22T18:52:23.9293142Z    _____                               
2026-03-22T18:52:23.9294575Z   /  _  \ __________ _________   ____  
2026-03-22T18:52:23.9294653Z  /  /_\  \\___   /  |  \_  __ \_/ __ \ 
2026-03-22T18:52:23.9294993Z /    |    \/    /|  |  /|  | \/\  ___/ 
2026-03-22T18:52:23.9295023Z \____|__  /_____ \____/ |__|    \___  >
2026-03-22T18:52:23.9295058Z         \/      \/                  \/ 
2026-03-22T18:52:23.9295087Z A P P   S E R V I C E   O N   L I N U X
2026-03-22T18:52:23.9295113Z 
2026-03-22T18:52:23.9295144Z Documentation    : http://aka.ms/webapp-linux
2026-03-22T18:52:23.9295256Z NodeJS quickstart: https://aka.ms/node-qs
2026-03-22T18:52:23.9295286Z NodeJS Version   : v20.20.0
2026-03-22T18:52:23.9295314Z Instance Name    : lw1sdlwk0007DT
2026-03-22T18:52:23.9295348Z Instance Id      : 4674be82b396abaf83d02ae5cb9797e3302ed577226c6d832720658f6837fffe
2026-03-22T18:52:23.9295375Z 
2026-03-22T18:52:23.9295403Z Note: Any data outside '/home' is not persisted
2026-03-22T18:52:31.6704727Z Starting OpenBSD Secure Shell server: sshd.
2026-03-22T18:52:31.6916204Z WEBSITES_INCLUDE_CLOUD_CERTS is not set to true.
2026-03-22T18:52:31.8691089Z Updating certificates in /etc/ssl/certs...
2026-03-22T18:52:52.3398990Z rehash: warning: skipping duplicate certificate in azl_SSL.com_TLS_ECC_Root_CA_2022.pem
2026-03-22T18:52:52.3497974Z rehash: warning: skipping duplicate certificate in azl_SSL.com_TLS_RSA_Root_CA_2022.pem
2026-03-22T18:52:53.0070161Z rehash: warning: skipping ca-certificates.crt,it does not contain exactly one certificate or CRL
2026-03-22T18:52:53.0774322Z 4 added, 0 removed; done.
2026-03-22T18:52:53.0775138Z Running hooks in /etc/ca-certificates/update.d...
2026-03-22T18:52:53.0775207Z done.
2026-03-22T18:52:53.0968727Z CA certificates copied and updated successfully.
2026-03-22T18:52:53.3568601Z Starting periodic command scheduler: cron.
2026-03-22T18:52:53.6211325Z Could not find build manifest file at '/home/site/wwwroot/oryx-manifest.toml'
2026-03-22T18:52:53.6255511Z Could not find operation ID in manifest. Generating an operation id...
2026-03-22T18:52:53.6259658Z Build Operation ID: dcd55125-7da7-4707-b9dd-657f14a4d49b
2026-03-22T18:52:54.1795760Z Environment Variables for Application Insight's IPA Codeless Configuration exists..
2026-03-22T18:52:54.1881846Z Writing output script to '/opt/startup/startup.sh'
2026-03-22T18:52:54.2249079Z Running #!/bin/sh
2026-03-22T18:52:54.2249655Z 
2026-03-22T18:52:54.2249810Z # Enter the source directory to make sure the script runs where the user expects
2026-03-22T18:52:54.2249852Z cd "/home/site/wwwroot"
2026-03-22T18:52:54.2249878Z 
2026-03-22T18:52:54.2249907Z export NODE_PATH=/usr/local/lib/node_modules:$NODE_PATH
2026-03-22T18:52:54.2249935Z if [ -z "$PORT" ]; then
2026-03-22T18:52:54.2249961Z 		export PORT=8080
2026-03-22T18:52:54.2249986Z fi
2026-03-22T18:52:54.2250037Z 
2026-03-22T18:52:54.2339808Z PATH="$PATH:/home/site/wwwroot" node /home/site/wwwroot/backend/src/server.js
2026-03-22T18:52:54.6981037Z node:internal/modules/cjs/loader:1210
2026-03-22T18:52:54.6981676Z   throw err;
2026-03-22T18:52:54.6981729Z   ^
2026-03-22T18:52:54.6981844Z 
2026-03-22T18:52:54.6981875Z Error: Cannot find module 'express'
2026-03-22T18:52:54.6981904Z Require stack:
2026-03-22T18:52:54.6981933Z - /home/site/wwwroot/backend/src/server.js
2026-03-22T18:52:54.6981963Z     at Module._resolveFilename (node:internal/modules/cjs/loader:1207:15)
2026-03-22T18:52:54.6981993Z     at Module._load (node:internal/modules/cjs/loader:1038:27)
2026-03-22T18:52:54.6982022Z     at Module.require (node:internal/modules/cjs/loader:1289:19)
2026-03-22T18:52:54.6982079Z     at require (node:internal/modules/helpers:182:18)
2026-03-22T18:52:54.6982109Z     at Object.<anonymous> (/home/site/wwwroot/backend/src/server.js:1:17)
2026-03-22T18:52:54.6982139Z     at Module._compile (node:internal/modules/cjs/loader:1521:14)
2026-03-22T18:52:54.6982169Z     at Module._extensions..js (node:internal/modules/cjs/loader:1623:10)
2026-03-22T18:52:54.6982199Z     at Module.load (node:internal/modules/cjs/loader:1266:32)
2026-03-22T18:52:54.6982229Z     at Module._load (node:internal/modules/cjs/loader:1091:12)
2026-03-22T18:52:54.6982287Z     at Function.executeUserEntryPoint [as runMain] (node:internal/modules/run_main:164:12) {
2026-03-22T18:52:54.6982344Z   code: 'MODULE_NOT_FOUND',
2026-03-22T18:52:54.6982374Z   requireStack: [ '/home/site/wwwroot/backend/src/server.js' ]
2026-03-22T18:52:54.6982400Z }
2026-03-22T18:52:54.7010351Z 
2026-03-22T18:52:54.7010596Z Node.js v20.20.0
2026-03-22T18:53:24.0766312Z    _____                               
2026-03-22T18:53:24.0766962Z   /  _  \ __________ _________   ____  
2026-03-22T18:53:24.0767001Z  /  /_\  \\___   /  |  \_  __ \_/ __ \ 
2026-03-22T18:53:24.0767030Z /    |    \/    /|  |  /|  | \/\  ___/ 
2026-03-22T18:53:24.0767059Z \____|__  /_____ \____/ |__|    \___  >
2026-03-22T18:53:24.0767080Z         \/      \/                  \/ 
2026-03-22T18:53:24.0767101Z A P P   S E R V I C E   O N   L I N U X
2026-03-22T18:53:24.0767121Z 
2026-03-22T18:53:24.0767242Z Documentation    : http://aka.ms/webapp-linux
2026-03-22T18:53:24.0767264Z NodeJS quickstart: https://aka.ms/node-qs
2026-03-22T18:53:24.0767286Z NodeJS Version   : v20.20.0
2026-03-22T18:53:24.0767309Z Instance Name    : lw1sdlwk0007DT
2026-03-22T18:53:24.0767336Z Instance Id      : 4674be82b396abaf83d02ae5cb9797e3302ed577226c6d832720658f6837fffe
2026-03-22T18:53:24.0767355Z 
2026-03-22T18:53:24.0767378Z Note: Any data outside '/home' is not persisted
2026-03-22T18:53:27.3931306Z Starting OpenBSD Secure Shell server: sshd.
2026-03-22T18:53:27.4332984Z WEBSITES_INCLUDE_CLOUD_CERTS is not set to true.
2026-03-22T18:53:27.5470460Z Updating certificates in /etc/ssl/certs...
2026-03-22T18:53:51.3384288Z rehash: warning: skipping duplicate certificate in azl_SSL.com_TLS_ECC_Root_CA_2022.pem
2026-03-22T18:53:51.3392061Z rehash: warning: skipping duplicate certificate in azl_SSL.com_TLS_RSA_Root_CA_2022.pem
2026-03-22T18:53:51.7830499Z rehash: warning: skipping ca-certificates.crt,it does not contain exactly one certificate or CRL
2026-03-22T18:53:51.8557145Z 4 added, 0 removed; done.
2026-03-22T18:53:51.8557498Z Running hooks in /etc/ca-certificates/update.d...
2026-03-22T18:53:51.9147917Z done.
2026-03-22T18:53:51.9527175Z CA certificates copied and updated successfully.
2026-03-22T18:53:52.2715516Z Starting periodic command scheduler: cron.
2026-03-22T18:53:52.4760748Z Could not find build manifest file at '/home/site/wwwroot/oryx-manifest.toml'
2026-03-22T18:53:52.5233861Z Could not find operation ID in manifest. Generating an operation id...
2026-03-22T18:53:52.5234119Z Build Operation ID: 8a195a4a-e0f9-4aac-b608-ae48f46441e6
2026-03-22T18:53:53.3054380Z Environment Variables for Application Insight's IPA Codeless Configuration exists..
2026-03-22T18:53:53.3656451Z Writing output script to '/opt/startup/startup.sh'
2026-03-22T18:53:53.4288875Z Running #!/bin/sh
2026-03-22T18:53:53.4289346Z 
2026-03-22T18:53:53.4289394Z # Enter the source directory to make sure the script runs where the user expects
2026-03-22T18:53:53.4289420Z cd "/home/site/wwwroot"
2026-03-22T18:53:53.4289439Z 
2026-03-22T18:53:53.4289462Z export NODE_PATH=/usr/local/lib/node_modules:$NODE_PATH
2026-03-22T18:53:53.4289489Z if [ -z "$PORT" ]; then
2026-03-22T18:53:53.4289513Z 		export PORT=8080
2026-03-22T18:53:53.4289532Z fi
2026-03-22T18:53:53.4289624Z 
2026-03-22T18:53:53.4289650Z PATH="$PATH:/home/site/wwwroot" node /home/site/wwwroot/backend/src/server.js
2026-03-22T18:53:54.3583400Z node:internal/modules/cjs/loader:1210
2026-03-22T18:53:54.3584046Z   throw err;
2026-03-22T18:53:54.3584081Z   ^
2026-03-22T18:53:54.3584106Z 
2026-03-22T18:53:54.3584133Z Error: Cannot find module 'express'
2026-03-22T18:53:54.3584154Z Require stack:
2026-03-22T18:53:54.3584176Z - /home/site/wwwroot/backend/src/server.js
2026-03-22T18:53:54.3584453Z     at Module._resolveFilename (node:internal/modules/cjs/loader:1207:15)
2026-03-22T18:53:54.3584477Z     at Module._load (node:internal/modules/cjs/loader:1038:27)
2026-03-22T18:53:54.3584500Z     at Module.require (node:internal/modules/cjs/loader:1289:19)
2026-03-22T18:53:54.3584523Z     at require (node:internal/modules/helpers:182:18)
2026-03-22T18:53:54.3584545Z     at Object.<anonymous> (/home/site/wwwroot/backend/src/server.js:1:17)
2026-03-22T18:53:54.3584569Z     at Module._compile (node:internal/modules/cjs/loader:1521:14)
2026-03-22T18:53:54.3584591Z     at Module._extensions..js (node:internal/modules/cjs/loader:1623:10)
2026-03-22T18:53:54.3584614Z     at Module.load (node:internal/modules/cjs/loader:1266:32)
2026-03-22T18:53:54.3584637Z     at Module._load (node:internal/modules/cjs/loader:1091:12)
2026-03-22T18:53:54.3584660Z     at Function.executeUserEntryPoint [as runMain] (node:internal/modules/run_main:164:12) {
2026-03-22T18:53:54.3584705Z   code: 'MODULE_NOT_FOUND',
2026-03-22T18:53:54.3584728Z   requireStack: [ '/home/site/wwwroot/backend/src/server.js' ]
2026-03-22T18:53:54.3584747Z }
2026-03-22T18:53:54.3587805Z 
2026-03-22T18:53:54.3587960Z Node.js v20.20.0
