2026-03-22T02:57:46.5183272Z,Updating submodules.,178261d2-47f9-4286-9010-06d4cfa1481a,0
2026-03-22T02:57:47.6725905Z,Preparing deployment for commit id '362b220b-a'.,8c42f2d5-3911-485d-8b06-db397e7f62f2,0
2026-03-22T02:57:48.0379731Z,PreDeployment: context.CleanOutputPath False,509166af-c600-4d46-8213-2a2a2f9d7b07,0
2026-03-22T02:57:48.1795273Z,PreDeployment: context.OutputPath /home/site/wwwroot,96409010-d30b-400e-9870-861144cb200b,0
2026-03-22T02:57:48.3433130Z,Running build. Project type: OneDeploy,736d1bc5-c1a0-4ede-8a5a-2664474d4a91,0
2026-03-22T02:57:48.4711398Z,Copying the manifest,f5f3d71d-de5b-4f19-a937-5ffae089dcd9,0
2026-03-22T02:57:48.6875291Z,Clean deploying to /home/site/wwwroot,f10d5548-687a-4262-bb1f-883af5f0d0dc,0
2026-03-22T02:57:48.8438863Z,Generating deployment script.,d91f47fc-03db-4645-9c3f-bc6455fe5dc9,0
2026-03-22T02:57:48.9776348Z,NodeProjectOptimizer Initialized with repository path: /tmp/zipdeploy/extracted and output path: /home/site/wwwroot ,d6074c65-96d4-4a55-92dc-00861283d6ef,0
2026-03-22T02:57:49.1123663Z,Optimizing build...,edd6ccb2-702b-4b0d-988f-e3865b42cffb,0
2026-03-22T02:57:49.2373601Z,Zipping node_modules...,8199a1ec-026f-4242-b22f-a6950c264a2b,0
	2026-03-22T02:57:49.2539416Z,Command: /opt/Kudu/Scripts/absoluteTar.sh /tmp/zipdeploy/extracted/node_modules /tmp/zipdeploy/extracted/node_modules.tar.gz,,0
	2026-03-22T02:57:58.0114043Z,Zipped /tmp/zipdeploy/extracted/node_modules to /tmp/zipdeploy/extracted/node_modules.tar.gz done successfully,,0
2026-03-22T02:57:58.1349581Z,Zipped Node Modules to /tmp/zipdeploy/extracted/node_modules.tar.gz,008d6ca8-0237-48ce-8b90-4b221b368609,0
2026-03-22T02:57:58.2609150Z,Express Node Deploy: Running rsync...,e88a51e3-bed2-4b09-8437-b191488efda1,0
	2026-03-22T02:57:58.2817633Z,Command: /opt/Kudu/Scripts/parallel_rsync.sh /tmp/zipdeploy/extracted /home/site/wwwroot 8 /tmp/ True False node_modules ,,0
	2026-03-22T02:57:58.3990165Z,Run rsync from: /tmp/zipdeploy/extracted/ to: /home/site/wwwroot/ in 8 parallel threads,,0
	2026-03-22T02:57:58.4593185Z,Delete options: clean=True&comma; use manifest=False&comma; directory to ignore=node_modules,,0
	2026-03-22T02:57:58.4998404Z,Prev manifest = /tmp/tmpudlvFE.tmp and next /tmp/tmpudlvFE.tmp,,0
	2026-03-22T02:57:58.5763939Z,Cleaning up /tmp//filelist.txt and /tmp//splits,,0
	2026-03-22T02:57:58.6344010Z,Creating a list of all files at /tmp//filelist.txt,,0
	2026-03-22T02:57:58.7330927Z,Excluding: node_modules,,0
	2026-03-22T02:57:58.8489129Z,Created /tmp//filelist.txt. Total number of files to be synced = 30.,,0
	2026-03-22T02:57:58.9183122Z,Created batches from the list of files. Processing 4 files in each thread,,0
	2026-03-22T02:57:59.1615247Z,Running rsync for filelist /tmp//splits/split.aa from /tmp/zipdeploy/extracted/ to /home/site/wwwroot/,,0
	2026-03-22T02:57:59.2872504Z,Running rsync for filelist /tmp//splits/split.ab from /tmp/zipdeploy/extracted/ to /home/site/wwwroot/,,0
	2026-03-22T02:57:59.4535187Z,Running rsync for filelist /tmp//splits/split.ad from /tmp/zipdeploy/extracted/ to /home/site/wwwroot/,,0
	2026-03-22T02:57:59.5494067Z,Running rsync for filelist /tmp//splits/split.ae from /tmp/zipdeploy/extracted/ to /home/site/wwwroot/,,0
	2026-03-22T02:57:59.6016026Z,Running rsync for filelist /tmp//splits/split.ag from /tmp/zipdeploy/extracted/ to /home/site/wwwroot/,,0
	2026-03-22T02:57:59.6779978Z,Running rsync for filelist /tmp//splits/split.ac from /tmp/zipdeploy/extracted/ to /home/site/wwwroot/,,0
	2026-03-22T02:57:59.7270411Z,Running rsync for filelist /tmp//splits/split.af from /tmp/zipdeploy/extracted/ to /home/site/wwwroot/,,0
	2026-03-22T02:57:59.9874661Z,Running rsync for filelist /tmp//splits/split.ah from /tmp/zipdeploy/extracted/ to /home/site/wwwroot/,,0
	2026-03-22T02:58:00.0080433Z,,,0
	2026-03-22T02:58:00.0410179Z,Number of files: 6 (reg: 4&comma; dir: 2),,0
	2026-03-22T02:58:00.0552702Z,Number of created files: 0,,0
	2026-03-22T02:58:00.0731559Z,Number of deleted files: 0,,0
	2026-03-22T02:58:00.0910353Z,Number of regular files transferred: 0,,0
	2026-03-22T02:58:00.1038247Z,Total file size: 14.07K bytes,,0
	2026-03-22T02:58:00.1263706Z,Total transferred file size: 0 bytes,,0
	2026-03-22T02:58:00.1431100Z,Literal data: 0 bytes,,0
	2026-03-22T02:58:00.1630332Z,Matched data: 0 bytes,,0
	2026-03-22T02:58:00.1835897Z,File list size: 0,,0
	2026-03-22T02:58:00.2057993Z,File list generation time: 0.008 seconds,,0
	2026-03-22T02:58:00.2266861Z,File list transfer time: 0.000 seconds,,0
	2026-03-22T02:58:00.2473544Z,Total bytes sent: 263,,0
	2026-03-22T02:58:00.2683254Z,Total bytes received: 34,,0
	2026-03-22T02:58:00.2957720Z,,,0
	2026-03-22T02:58:00.3121897Z,sent 263 bytes  received 34 bytes  198.00 bytes/sec,,0
	2026-03-22T02:58:00.3327894Z,total size is 14.07K  speedup is 47.36,,0
	2026-03-22T02:58:00.3715230Z,Attempt 1: Rsync for filelist /tmp//splits/split.ad completed with exit code 0,,0
	2026-03-22T02:58:00.4305488Z,,,0
	2026-03-22T02:58:00.4438608Z,Number of files: 5 (reg: 4&comma; dir: 1),,0
	2026-03-22T02:58:00.4596727Z,Number of created files: 1 (reg: 1),,0
	2026-03-22T02:58:00.5113583Z,Number of deleted files: 0,,0
	2026-03-22T02:58:00.5700844Z,Number of regular files transferred: 1,,0
	2026-03-22T02:58:00.6487274Z,Total file size: 7.66K bytes,,0
	2026-03-22T02:58:00.6876438Z,Total transferred file size: 729 bytes,,0
	2026-03-22T02:58:00.7358087Z,Literal data: 729 bytes,,0
	2026-03-22T02:58:00.8007298Z,Matched data: 0 bytes,,0
	2026-03-22T02:58:00.8507959Z,File list size: 0,,0
	2026-03-22T02:58:00.8913268Z,File list generation time: 0.001 seconds,,0
	2026-03-22T02:58:00.9203460Z,File list transfer time: 0.000 seconds,,0
	2026-03-22T02:58:00.9476008Z,Total bytes sent: 608,,0
	2026-03-22T02:58:00.9890061Z,Total bytes received: 47,,0
	2026-03-22T02:58:01.0067407Z,,,0
	2026-03-22T02:58:01.0225868Z,sent 608 bytes  received 47 bytes  436.67 bytes/sec,,0
	2026-03-22T02:58:01.0541285Z,total size is 7.66K  speedup is 11.70,,0
	2026-03-22T02:58:01.0874494Z,Attempt 1: Rsync for filelist /tmp//splits/split.aa completed with exit code 0,,0
	2026-03-22T02:58:01.1128340Z,,,0
	2026-03-22T02:58:01.1259773Z,Number of files: 8 (reg: 4&comma; dir: 4),,0
	2026-03-22T02:58:01.1440509Z,Number of created files: 0,,0
	2026-03-22T02:58:01.1580285Z,Number of deleted files: 0,,0
	2026-03-22T02:58:01.1759312Z,Number of regular files transferred: 0,,0
	2026-03-22T02:58:01.1950742Z,Total file size: 21.80K bytes,,0
	2026-03-22T02:58:01.2248878Z,Total transferred file size: 0 bytes,,0
	2026-03-22T02:58:01.2433949Z,Literal data: 0 bytes,,0
	2026-03-22T02:58:01.2642330Z,Matched data: 0 bytes,,0
	2026-03-22T02:58:01.2876483Z,File list size: 0,,0
	2026-03-22T02:58:01.3030119Z,File list generation time: 0.010 seconds,,0
	2026-03-22T02:58:01.3209933Z,File list transfer time: 0.000 seconds,,0
	2026-03-22T02:58:01.3403682Z,Total bytes sent: 318,,0
	2026-03-22T02:58:01.3598241Z,Total bytes received: 37,,0
	2026-03-22T02:58:01.3789014Z,,,0
	2026-03-22T02:58:01.3915876Z,sent 318 bytes  received 37 bytes  710.00 bytes/sec,,0
	2026-03-22T02:58:01.4083972Z,total size is 21.80K  speedup is 61.41,,0
	2026-03-22T02:58:01.4379348Z,Attempt 1: Rsync for filelist /tmp//splits/split.ac completed with exit code 0,,0
	2026-03-22T02:58:01.5045540Z,,,0
	2026-03-22T02:58:01.5635211Z,Number of files: 5 (reg: 4&comma; dir: 1),,0
	2026-03-22T02:58:01.6219574Z,Number of created files: 0,,0
	2026-03-22T02:58:01.6516906Z,Number of deleted files: 0,,0
	2026-03-22T02:58:01.6820049Z,Number of regular files transferred: 0,,0
	2026-03-22T02:58:01.7118770Z,Total file size: 147.44K bytes,,0
	2026-03-22T02:58:01.7343968Z,Total transferred file size: 0 bytes,,0
	2026-03-22T02:58:01.7704276Z,Literal data: 0 bytes,,0
	2026-03-22T02:58:01.8161793Z,Matched data: 0 bytes,,0
	2026-03-22T02:58:01.9026487Z,File list size: 0,,0
	2026-03-22T02:58:01.9500988Z,File list generation time: 0.001 seconds,,0
	2026-03-22T02:58:02.0105890Z,File list transfer time: 0.000 seconds,,0
	2026-03-22T02:58:02.0687730Z,Total bytes sent: 225,,0
	2026-03-22T02:58:02.1237197Z,Total bytes received: 31,,0
	2026-03-22T02:58:02.1902533Z,,,0
	2026-03-22T02:58:02.2747767Z,sent 225 bytes  received 31 bytes  170.67 bytes/sec,,0
	2026-03-22T02:58:02.3729514Z,total size is 147.44K  speedup is 575.93,,0
	2026-03-22T02:58:02.4321013Z,,,0
	2026-03-22T02:58:02.4779395Z,Number of files: 7 (reg: 4&comma; dir: 3),,0
	2026-03-22T02:58:02.5570151Z,Number of created files: 0,,0
	2026-03-22T02:58:02.6124142Z,Number of deleted files: 0,,0
	2026-03-22T02:58:02.6535623Z,Number of regular files transferred: 1,,0
	2026-03-22T02:58:02.7134557Z,Total file size: 27.79K bytes,,0
	2026-03-22T02:58:02.7876572Z,Total transferred file size: 11.44K bytes,,0
	2026-03-22T02:58:02.8172745Z,Literal data: 11.44K bytes,,0
	2026-03-22T02:58:02.8836310Z,Matched data: 0 bytes,,0
	2026-03-22T02:58:02.9441576Z,File list size: 0,,0
	2026-03-22T02:58:02.9934918Z,File list generation time: 0.020 seconds,,0
	2026-03-22T02:58:03.0388456Z,File list transfer time: 0.000 seconds,,0
	2026-03-22T02:58:03.0874953Z,Total bytes sent: 2.57K,,0
	2026-03-22T02:58:03.1524113Z,Total bytes received: 53,,0
	2026-03-22T02:58:03.1931653Z,,,0
	2026-03-22T02:58:03.2537845Z,sent 2.57K bytes  received 53 bytes  1.75K bytes/sec,,0
	2026-03-22T02:58:03.2821234Z,total size is 27.79K  speedup is 10.60,,0
	2026-03-22T02:58:03.3330402Z,Attempt 1: Rsync for filelist /tmp//splits/split.ab completed with exit code 0,,0
	2026-03-22T02:58:03.4197548Z,Attempt 1: Rsync for filelist /tmp//splits/split.af completed with exit code 0,,0
	2026-03-22T02:58:03.4777407Z,,,0
	2026-03-22T02:58:03.5347821Z,Number of files: 6 (reg: 4&comma; dir: 2),,0
	2026-03-22T02:58:03.6089579Z,Number of created files: 0,,0
	2026-03-22T02:58:03.6864822Z,Number of deleted files: 0,,0
	2026-03-22T02:58:03.7437082Z,Number of regular files transferred: 1,,0
	2026-03-22T02:58:03.8119649Z,Total file size: 77.49K bytes,,0
	2026-03-22T02:58:03.8577469Z,Total transferred file size: 13.05K bytes,,0
	2026-03-22T02:58:03.9159339Z,Literal data: 13.05K bytes,,0
	2026-03-22T02:58:03.9733609Z,Matched data: 0 bytes,,0
	2026-03-22T02:58:04.0312067Z,File list size: 0,,0
	2026-03-22T02:58:04.0977620Z,File list generation time: 0.019 seconds,,0
	2026-03-22T02:58:04.2061587Z,File list transfer time: 0.000 seconds,,0
	2026-03-22T02:58:04.2521458Z,Total bytes sent: 4.13K,,0
	2026-03-22T02:58:04.3123328Z,Total bytes received: 50,,0
	2026-03-22T02:58:04.3964901Z,,,0
	2026-03-22T02:58:04.4606111Z,sent 4.13K bytes  received 50 bytes  2.78K bytes/sec,,0
	2026-03-22T02:58:04.5109782Z,total size is 77.49K  speedup is 18.55,,0
	2026-03-22T02:58:04.5778301Z,Attempt 1: Rsync for filelist /tmp//splits/split.ag completed with exit code 0,,0
	2026-03-22T02:58:04.6286674Z,,,0
	2026-03-22T02:58:04.6861869Z,Number of files: 7 (reg: 4&comma; dir: 3),,0
	2026-03-22T02:58:04.7309802Z,Number of created files: 0,,0
	2026-03-22T02:58:04.7529368Z,Number of deleted files: 0,,0
	2026-03-22T02:58:04.7823911Z,Number of regular files transferred: 1,,0
	2026-03-22T02:58:04.8086141Z,Total file size: 30.57K bytes,,0
	2026-03-22T02:58:04.8561529Z,Total transferred file size: 13.08K bytes,,0
	2026-03-22T02:58:04.8971213Z,Literal data: 13.08K bytes,,0
	2026-03-22T02:58:04.9227022Z,Matched data: 0 bytes,,0
	2026-03-22T02:58:04.9627458Z,File list size: 0,,0
	2026-03-22T02:58:05.0101290Z,File list generation time: 0.001 seconds,,0
	2026-03-22T02:58:05.0591695Z,File list transfer time: 0.000 seconds,,0
	2026-03-22T02:58:05.1244766Z,Total bytes sent: 3.88K,,0
	2026-03-22T02:58:05.1632622Z,Total bytes received: 53,,0
	2026-03-22T02:58:05.2047518Z,,,0
	2026-03-22T02:58:05.2231871Z,sent 3.88K bytes  received 53 bytes  2.62K bytes/sec,,0
	2026-03-22T02:58:05.2518878Z,total size is 30.57K  speedup is 7.77,,0
	2026-03-22T02:58:05.3024360Z,Attempt 1: Rsync for filelist /tmp//splits/split.ae completed with exit code 0,,0
	2026-03-22T02:58:05.3412529Z,,,0
	2026-03-22T02:58:05.3578890Z,Number of files: 2 (reg: 2),,0
	2026-03-22T02:58:05.3763418Z,Number of created files: 0,,0
	2026-03-22T02:58:05.3950420Z,Number of deleted files: 0,,0
	2026-03-22T02:58:05.4101256Z,Number of regular files transferred: 1,,0
	2026-03-22T02:58:05.4336099Z,Total file size: 12.48M bytes,,0
	2026-03-22T02:58:05.4567722Z,Total transferred file size: 12.48M bytes,,0
	2026-03-22T02:58:05.4717755Z,Literal data: 12.48M bytes,,0
	2026-03-22T02:58:05.4936683Z,Matched data: 0 bytes,,0
	2026-03-22T02:58:05.5306337Z,File list size: 0,,0
	2026-03-22T02:58:05.5966581Z,File list generation time: 0.055 seconds,,0
	2026-03-22T02:58:05.6194562Z,File list transfer time: 0.000 seconds,,0
	2026-03-22T02:58:05.6353444Z,Total bytes sent: 12.48M,,0
	2026-03-22T02:58:05.6536210Z,Total bytes received: 38,,0
	2026-03-22T02:58:05.6740978Z,,,0
	2026-03-22T02:58:05.6910097Z,sent 12.48M bytes  received 38 bytes  8.32M bytes/sec,,0
	2026-03-22T02:58:05.7107223Z,total size is 12.48M  speedup is 1.00,,0
	2026-03-22T02:58:05.7299883Z,Attempt 1: Rsync for filelist /tmp//splits/split.ah completed with exit code 0,,0
	2026-03-22T02:58:05.7481773Z,Deleting files not present in /tmp/zipdeploy/extracted/ from /home/site/wwwroot/,,0
	2026-03-22T02:58:05.7697505Z,Number of files deleted: 1. See /tmp//rsync_deletion_logs.txt for more details.,,0
	2026-03-22T02:58:05.7892673Z,Completed successfully in 3 seconds,,0
2026-03-22T02:58:05.9185507Z,Rsync completed to /home/site/wwwroot,4075c8e6-1278-4668-a97f-9af7dc3d4887,0
2026-03-22T02:58:06.0961595Z,Manifest created at /home/site/wwwroot,45aeec76-a759-4d66-ad6c-366e369cff93,0
2026-03-22T02:58:06.2191792Z,Optimized build done with success: True,3c5e2ae3-5284-4844-a323-0a64c4128ef3,0
2026-03-22T02:58:06.3506074Z,Build completed succesfully.,c62ddce8-3bef-4e05-ae3d-3435f8744785,0
2026-03-22T02:58:06.5037937Z,Running post deployment command(s)...,b7b1beaf-74e4-4c48-a955-ea65e49261af,0
2026-03-22T02:58:06.6447511Z,Triggering container recycle for OneDeploy by adding/updating restartTrigger.txt to the site root path,cab8ea74-25b6-4ce1-a8d0-37cd5a20b189,0
2026-03-22T02:58:06.8216244Z,Deployment successful. deployer = OneDeploy deploymentPath = OneDeploy,a6cea98a-9c03-4ba0-8bb7-d85de3e1011e,0
