2026-03-22T16:57:59.3242997Z,Updating branch 'master'.,202edf0a-f575-41a0-b68b-f399501d6f30,0
2026-03-22T16:58:01.2281262Z,Updating submodules.,a53a4eb0-059f-4f15-b189-e19d3affc020,0
2026-03-22T16:58:01.6839771Z,Preparing deployment for commit id '92eb0c44f9'.,ec185bf7-d424-472f-bc21-b21cbe9ed921,0
2026-03-22T16:58:02.5241084Z,PreDeployment: context.CleanOutputPath False,c5c5703e-4be0-4700-b6bc-1bbfba1a9af0,0
2026-03-22T16:58:02.8672474Z,PreDeployment: context.OutputPath /home/site/wwwroot,6d1e9706-3015-4967-b303-f544f0122495,0
2026-03-22T16:58:03.2653105Z,Generating deployment script.,07ff5611-6c27-45ab-ae5f-bc770261bac0,0
2026-03-22T16:58:03.5895769Z,Running deployment command...,5d5b61e9-9aa9-4d26-bf92-ebaa792d5df1,0
	2026-03-22T16:58:03.6406919Z,Command: /opt/Kudu/KuduConsole/Scripts/parallel_rsync.sh /home/site/repository /home/site/wwwroot 8 /tmp/ False True  ,,0
	2026-03-22T16:58:04.0380145Z,Run rsync from: /home/site/repository/ to: /home/site/wwwroot/ in 8 parallel threads,,0
	2026-03-22T16:58:04.1936854Z,Delete options: clean=False&comma; use manifest=True&comma; directory to ignore=,,0
	2026-03-22T16:58:04.2997090Z,Prev manifest = /opt/Kudu/KuduConsole/Scripts/firstDeploymentManifest and next /home/site/deployments/92eb0c44f984148bef5cb3341bcb9d9e98bee5b6/manifest,,0
	2026-03-22T16:58:04.3499123Z,Cleaning up /tmp//filelist.txt and /tmp//splits,,0
	2026-03-22T16:58:04.4267861Z,Creating a list of all files at /tmp//filelist.txt,,0
	2026-03-22T16:58:04.5327667Z,No directory to exclude.,,0
	2026-03-22T16:58:04.8538079Z,Created /tmp//filelist.txt. Total number of files to be synced = 89.,,0
	2026-03-22T16:58:04.9105150Z,Created batches from the list of files. Processing 12 files in each thread,,0
	2026-03-22T16:58:05.0477442Z,Running rsync for filelist /tmp//splits/split.aa from /home/site/repository/ to /home/site/wwwroot/,,0
	2026-03-22T16:58:05.5150097Z,Running rsync for filelist /tmp//splits/split.ac from /home/site/repository/ to /home/site/wwwroot/,,0
	2026-03-22T16:58:05.5907637Z,Running rsync for filelist /tmp//splits/split.ad from /home/site/repository/ to /home/site/wwwroot/,,0
	2026-03-22T16:58:05.7482818Z,Running rsync for filelist /tmp//splits/split.ab from /home/site/repository/ to /home/site/wwwroot/,,0
	2026-03-22T16:58:05.8347601Z,Running rsync for filelist /tmp//splits/split.ae from /home/site/repository/ to /home/site/wwwroot/,,0
	2026-03-22T16:58:05.9867383Z,Running rsync for filelist /tmp//splits/split.ag from /home/site/repository/ to /home/site/wwwroot/,,0
	2026-03-22T16:58:06.0439710Z,Running rsync for filelist /tmp//splits/split.af from /home/site/repository/ to /home/site/wwwroot/,,0
	2026-03-22T16:58:06.0932076Z,Running rsync for filelist /tmp//splits/split.ah from /home/site/repository/ to /home/site/wwwroot/,,0
	2026-03-22T16:58:06.7475264Z,,,0
	2026-03-22T16:58:06.7983828Z,Number of files: 7 (reg: 5&comma; dir: 2),,0
	2026-03-22T16:58:06.8281539Z,Number of created files: 0,,0
	2026-03-22T16:58:06.8555641Z,Number of deleted files: 0,,0
	2026-03-22T16:58:06.9118441Z,Number of regular files transferred: 5,,0
	2026-03-22T16:58:06.9727293Z,Total file size: 20.11K bytes,,0
	2026-03-22T16:58:07.0297560Z,Total transferred file size: 20.11K bytes,,0
	2026-03-22T16:58:07.0780531Z,Literal data: 20.11K bytes,,0
	2026-03-22T16:58:07.1393753Z,Matched data: 0 bytes,,0
	2026-03-22T16:58:07.1697395Z,File list size: 0,,0
	2026-03-22T16:58:07.2041565Z,File list generation time: 0.067 seconds,,0
	2026-03-22T16:58:07.2624727Z,File list transfer time: 0.000 seconds,,0
	2026-03-22T16:58:07.3199594Z,Total bytes sent: 6.99K,,0
	2026-03-22T16:58:07.3607428Z,Total bytes received: 117,,0
	2026-03-22T16:58:07.4132502Z,,,0
	2026-03-22T16:58:07.4473315Z,sent 6.99K bytes  received 117 bytes  4.74K bytes/sec,,0
	2026-03-22T16:58:07.5093658Z,total size is 20.11K  speedup is 2.83,,0
	2026-03-22T16:58:07.5531167Z,Attempt 1: Rsync for filelist /tmp//splits/split.ah completed with exit code 0,,0
	2026-03-22T16:58:07.8328487Z,,,0
	2026-03-22T16:58:07.9892667Z,Number of files: 18 (reg: 12&comma; dir: 6),,0
	2026-03-22T16:58:08.0126007Z,Number of created files: 0,,0
	2026-03-22T16:58:08.0376620Z,Number of deleted files: 0,,0
	2026-03-22T16:58:08.0831124Z,Number of regular files transferred: 12,,0
	2026-03-22T16:58:08.1487321Z,Total file size: 132.10K bytes,,0
	2026-03-22T16:58:08.2233210Z,Total transferred file size: 132.10K bytes,,0
	2026-03-22T16:58:08.2684321Z,Literal data: 132.10K bytes,,0
	2026-03-22T16:58:08.3034361Z,Matched data: 0 bytes,,0
	2026-03-22T16:58:08.3851851Z,File list size: 0,,0
	2026-03-22T16:58:08.4441035Z,File list generation time: 0.164 seconds,,0
	2026-03-22T16:58:08.5046900Z,File list transfer time: 0.000 seconds,,0
	2026-03-22T16:58:08.5544841Z,Total bytes sent: 28.39K,,0
	2026-03-22T16:58:08.6039063Z,Total bytes received: 255,,0
	2026-03-22T16:58:08.6457336Z,,,0
	2026-03-22T16:58:08.6616771Z,sent 28.39K bytes  received 255 bytes  11.46K bytes/sec,,0
	2026-03-22T16:58:08.6944126Z,total size is 132.10K  speedup is 4.61,,0
	2026-03-22T16:58:08.7400844Z,Attempt 1: Rsync for filelist /tmp//splits/split.ag completed with exit code 0,,0
	2026-03-22T16:58:08.7871584Z,,,0
	2026-03-22T16:58:08.8236045Z,Number of files: 21 (reg: 12&comma; dir: 9),,0
	2026-03-22T16:58:08.8412675Z,Number of created files: 9 (reg: 6&comma; dir: 3),,0
	2026-03-22T16:58:08.8586925Z,Number of deleted files: 0,,0
	2026-03-22T16:58:08.8912038Z,Number of regular files transferred: 12,,0
	2026-03-22T16:58:08.9289698Z,Total file size: 163.95K bytes,,0
	2026-03-22T16:58:08.9499429Z,Total transferred file size: 163.95K bytes,,0
	2026-03-22T16:58:09.0064476Z,Literal data: 163.95K bytes,,0
	2026-03-22T16:58:09.0457366Z,Matched data: 0 bytes,,0
	2026-03-22T16:58:09.0747141Z,File list size: 0,,0
	2026-03-22T16:58:09.1028951Z,File list generation time: 0.090 seconds,,0
	2026-03-22T16:58:09.1340589Z,File list transfer time: 0.000 seconds,,0
	2026-03-22T16:58:09.1735622Z,Total bytes sent: 46.32K,,0
	2026-03-22T16:58:09.2007764Z,Total bytes received: 262,,0
	2026-03-22T16:58:09.2283364Z,,,0
	2026-03-22T16:58:09.2614884Z,sent 46.32K bytes  received 262 bytes  18.63K bytes/sec,,0
	2026-03-22T16:58:09.2896982Z,total size is 163.95K  speedup is 3.52,,0
	2026-03-22T16:58:09.3173420Z,Attempt 1: Rsync for filelist /tmp//splits/split.af completed with exit code 0,,0
	2026-03-22T16:58:09.3445654Z,,,0
	2026-03-22T16:58:09.3668483Z,Number of files: 15 (reg: 12&comma; dir: 3),,0
	2026-03-22T16:58:09.3832327Z,Number of created files: 11 (reg: 10&comma; dir: 1),,0
	2026-03-22T16:58:09.4005453Z,Number of deleted files: 0,,0
	2026-03-22T16:58:09.4292360Z,Number of regular files transferred: 12,,0
	2026-03-22T16:58:09.4457103Z,Total file size: 8.53K bytes,,0
	2026-03-22T16:58:09.4661218Z,Total transferred file size: 8.53K bytes,,0
	2026-03-22T16:58:09.4901605Z,Literal data: 8.53K bytes,,0
	2026-03-22T16:58:09.5138205Z,Matched data: 0 bytes,,0
	2026-03-22T16:58:09.5299985Z,File list size: 0,,0
	2026-03-22T16:58:09.5539107Z,File list generation time: 0.026 seconds,,0
	2026-03-22T16:58:09.5758325Z,File list transfer time: 0.000 seconds,,0
	2026-03-22T16:58:09.5951997Z,Total bytes sent: 4.61K,,0
	2026-03-22T16:58:09.6127693Z,Total bytes received: 247,,0
	2026-03-22T16:58:09.6346889Z,,,0
	2026-03-22T16:58:09.6512367Z,sent 4.61K bytes  received 247 bytes  1.39K bytes/sec,,0
	2026-03-22T16:58:09.6684456Z,total size is 8.53K  speedup is 1.76,,0
	2026-03-22T16:58:09.6843752Z,Attempt 1: Rsync for filelist /tmp//splits/split.aa completed with exit code 0,,0
	2026-03-22T16:58:09.7032579Z,,,0
	2026-03-22T16:58:09.7202619Z,Number of files: 19 (reg: 12&comma; dir: 7),,0
	2026-03-22T16:58:09.7369000Z,Number of created files: 17 (reg: 12&comma; dir: 5),,0
	2026-03-22T16:58:09.7527724Z,Number of deleted files: 0,,0
	2026-03-22T16:58:09.7706494Z,Number of regular files transferred: 12,,0
	2026-03-22T16:58:09.7880638Z,Total file size: 20.20K bytes,,0
	2026-03-22T16:58:09.8092704Z,Total transferred file size: 20.20K bytes,,0
	2026-03-22T16:58:09.8256286Z,Literal data: 20.20K bytes,,0
	2026-03-22T16:58:09.8439458Z,Matched data: 0 bytes,,0
	2026-03-22T16:58:09.8610877Z,File list size: 0,,0
	2026-03-22T16:58:09.8778972Z,File list generation time: 0.010 seconds,,0
	2026-03-22T16:58:09.9007415Z,File list transfer time: 0.000 seconds,,0
	2026-03-22T16:58:09.9248554Z,Total bytes sent: 9.83K,,0
	2026-03-22T16:58:09.9423507Z,Total bytes received: 262,,0
	2026-03-22T16:58:09.9590495Z,,,0
	2026-03-22T16:58:09.9776495Z,sent 9.83K bytes  received 262 bytes  2.88K bytes/sec,,0
	2026-03-22T16:58:09.9945494Z,total size is 20.20K  speedup is 2.00,,0
	2026-03-22T16:58:10.0118045Z,Attempt 1: Rsync for filelist /tmp//splits/split.ab completed with exit code 0,,0
	2026-03-22T16:58:10.0316630Z,,,0
	2026-03-22T16:58:10.0524420Z,Number of files: 25 (reg: 12&comma; dir: 13),,0
	2026-03-22T16:58:10.0695020Z,Number of created files: 24 (reg: 12&comma; dir: 12),,0
	2026-03-22T16:58:10.0878938Z,Number of deleted files: 0,,0
	2026-03-22T16:58:10.1076648Z,Number of regular files transferred: 12,,0
	2026-03-22T16:58:10.1330414Z,Total file size: 18.19K bytes,,0
	2026-03-22T16:58:10.1517883Z,Total transferred file size: 18.19K bytes,,0
	2026-03-22T16:58:10.1691237Z,Literal data: 18.19K bytes,,0
	2026-03-22T16:58:10.2062245Z,Matched data: 0 bytes,,0
	2026-03-22T16:58:10.2612916Z,File list size: 0,,0
	2026-03-22T16:58:10.2950898Z,File list generation time: 0.085 seconds,,0
	2026-03-22T16:58:10.3126804Z,File list transfer time: 0.000 seconds,,0
	2026-03-22T16:58:10.3294478Z,Total bytes sent: 19.68K,,0
	2026-03-22T16:58:10.3478562Z,Total bytes received: 283,,0
	2026-03-22T16:58:10.3669078Z,,,0
	2026-03-22T16:58:10.3844310Z,sent 19.68K bytes  received 283 bytes  5.71K bytes/sec,,0
	2026-03-22T16:58:10.4004718Z,total size is 18.19K  speedup is 0.91,,0
	2026-03-22T16:58:10.4208731Z,Attempt 1: Rsync for filelist /tmp//splits/split.ac completed with exit code 0,,0
	2026-03-22T16:58:10.4403147Z,,,0
	2026-03-22T16:58:10.4566558Z,Number of files: 26 (reg: 12&comma; dir: 14),,0
	2026-03-22T16:58:10.4751942Z,Number of created files: 24 (reg: 12&comma; dir: 12),,0
	2026-03-22T16:58:10.5028077Z,Number of deleted files: 0,,0
	2026-03-22T16:58:10.5229430Z,Number of regular files transferred: 12,,0
	2026-03-22T16:58:10.5458460Z,Total file size: 63.73K bytes,,0
	2026-03-22T16:58:10.5652934Z,Total transferred file size: 63.73K bytes,,0
	2026-03-22T16:58:10.5823766Z,Literal data: 63.73K bytes,,0
	2026-03-22T16:58:10.5988935Z,Matched data: 0 bytes,,0
	2026-03-22T16:58:10.6290715Z,File list size: 0,,0
	2026-03-22T16:58:10.6465997Z,File list generation time: 0.108 seconds,,0
	2026-03-22T16:58:10.6654152Z,File list transfer time: 0.000 seconds,,0
	2026-03-22T16:58:10.6833852Z,Total bytes sent: 65.33K,,0
	2026-03-22T16:58:10.7006071Z,Total bytes received: 279,,0
	2026-03-22T16:58:10.7217976Z,,,0
	2026-03-22T16:58:10.7374891Z,sent 65.33K bytes  received 279 bytes  18.75K bytes/sec,,0
	2026-03-22T16:58:10.7557287Z,total size is 63.73K  speedup is 0.97,,0
	2026-03-22T16:58:10.7711834Z,Attempt 1: Rsync for filelist /tmp//splits/split.ae completed with exit code 0,,0
	2026-03-22T16:58:10.7927845Z,,,0
	2026-03-22T16:58:10.8081988Z,Number of files: 26 (reg: 12&comma; dir: 14),,0
	2026-03-22T16:58:10.8252348Z,Number of created files: 24 (reg: 12&comma; dir: 12),,0
	2026-03-22T16:58:10.8420362Z,Number of deleted files: 0,,0
	2026-03-22T16:58:10.8746266Z,Number of regular files transferred: 12,,0
	2026-03-22T16:58:10.9613103Z,Total file size: 12.01K bytes,,0
	2026-03-22T16:58:11.0478550Z,Total transferred file size: 12.01K bytes,,0
	2026-03-22T16:58:11.1188300Z,Literal data: 12.01K bytes,,0
	2026-03-22T16:58:11.1769472Z,Matched data: 0 bytes,,0
	2026-03-22T16:58:11.2271798Z,File list size: 0,,0
	2026-03-22T16:58:11.2923994Z,File list generation time: 0.194 seconds,,0
	2026-03-22T16:58:11.3415134Z,File list transfer time: 0.000 seconds,,0
	2026-03-22T16:58:11.4070988Z,Total bytes sent: 13.60K,,0
	2026-03-22T16:58:11.4655119Z,Total bytes received: 279,,0
	2026-03-22T16:58:11.5712515Z,,,0
	2026-03-22T16:58:11.6318344Z,sent 13.60K bytes  received 279 bytes  3.96K bytes/sec,,0
	2026-03-22T16:58:11.6899681Z,total size is 12.01K  speedup is 0.87,,0
	2026-03-22T16:58:11.7670854Z,Attempt 1: Rsync for filelist /tmp//splits/split.ad completed with exit code 0,,0
	2026-03-22T16:58:11.8258721Z,Deleting files not present in /home/site/repository/ from /home/site/wwwroot/ based on manifest file /opt/Kudu/KuduConsole/Scripts/firstDeploymentManifest,,0
	2026-03-22T16:58:11.8852262Z,Number of files deleted: 0. See /tmp//rsync_deletion_logs.txt for more details.,,0
	2026-03-22T16:58:11.9324004Z,create new manifest file at /home/site/deployments/92eb0c44f984148bef5cb3341bcb9d9e98bee5b6/manifest,,0
	2026-03-22T16:58:11.9796940Z,Completed successfully in 5 seconds,,0
2026-03-22T16:58:12.5223995Z,Cleared out site packages: packagename.txt ,7c9233f1-5223-4614-a21b-b00302b521a9,0
2026-03-22T16:58:12.7828811Z,Running post deployment command(s)...,493771df-89f0-40b2-b4cf-0609bdb6d6d0,0
2026-03-22T16:58:13.1951204Z,Triggering recycle (preview mode disabled).,336beff7-97fc-4fde-a668-198293243964,0
2026-03-22T16:58:13.7562378Z,Deployment successful. deployer =  deploymentPath = ,18e289a4-ecec-4f04-9e3e-cedaa0bc235b,0
